// Jest Snapshot v1, https://goo.gl/fbAQLP

exports[`Check if details page renders correctly 1`] = `
Object {
  "asFragment": [Function],
  "baseElement": <body>
    <div>
      <div
        class="detailscontainer"
      >
        <h1
          class="country"
        >
          Ghana
        </h1>
        <div
          class="subcontainer"
        >
          <div
            class="continent"
          >
            <p>
              continent
            </p>
            <p>
              Africa
            </p>
          </div>
          <div
            class="continent"
          >
            <p>
              cases
            </p>
            <p>
              16
            </p>
          </div>
          <div
            class="continent"
          >
            <p>
              todayCases
            </p>
            <p>
              123
            </p>
          </div>
          <div
            class="continent"
          >
            <p>
              todayDeaths
            </p>
            <p>
              44
            </p>
          </div>
          <div
            class="continent"
          >
            <p>
              recovered
            </p>
            <p>
              23
            </p>
          </div>
          <div
            class="continent"
          >
            <p>
              todayRecovered
            </p>
            <p>
              34
            </p>
          </div>
          <div
            class="continent"
          >
            <p>
              active
            </p>
            <p>
              123
            </p>
          </div>
          <div
            class="continent"
          >
            <p>
              critical
            </p>
            <p>
              20
            </p>
          </div>
          <div
            class="continent"
          >
            <p>
              population
            </p>
            <p>
              102
            </p>
          </div>
        </div>
      </div>
    </div>
  </body>,
  "container": <div>
    <div
      class="detailscontainer"
    >
      <h1
        class="country"
      >
        Ghana
      </h1>
      <div
        class="subcontainer"
      >
        <div
          class="continent"
        >
          <p>
            continent
          </p>
          <p>
            Africa
          </p>
        </div>
        <div
          class="continent"
        >
          <p>
            cases
          </p>
          <p>
            16
          </p>
        </div>
        <div
          class="continent"
        >
          <p>
            todayCases
          </p>
          <p>
            123
          </p>
        </div>
        <div
          class="continent"
        >
          <p>
            todayDeaths
          </p>
          <p>
            44
          </p>
        </div>
        <div
          class="continent"
        >
          <p>
            recovered
          </p>
          <p>
            23
          </p>
        </div>
        <div
          class="continent"
        >
          <p>
            todayRecovered
          </p>
          <p>
            34
          </p>
        </div>
        <div
          class="continent"
        >
          <p>
            active
          </p>
          <p>
            123
          </p>
        </div>
        <div
          class="continent"
        >
          <p>
            critical
          </p>
          <p>
            20
          </p>
        </div>
        <div
          class="continent"
        >
          <p>
            population
          </p>
          <p>
            102
          </p>
        </div>
      </div>
    </div>
  </div>,
  "debug": [Function],
  "findAllByAltText": [Function],
  "findAllByDisplayValue": [Function],
  "findAllByLabelText": [Function],
  "findAllByPlaceholderText": [Function],
  "findAllByRole": [Function],
  "findAllByTestId": [Function],
  "findAllByText": [Function],
  "findAllByTitle": [Function],
  "findByAltText": [Function],
  "findByDisplayValue": [Function],
  "findByLabelText": [Function],
  "findByPlaceholderText": [Function],
  "findByRole": [Function],
  "findByTestId": [Function],
  "findByText": [Function],
  "findByTitle": [Function],
  "getAllByAltText": [Function],
  "getAllByDisplayValue": [Function],
  "getAllByLabelText": [Function],
  "getAllByPlaceholderText": [Function],
  "getAllByRole": [Function],
  "getAllByTestId": [Function],
  "getAllByText": [Function],
  "getAllByTitle": [Function],
  "getByAltText": [Function],
  "getByDisplayValue": [Function],
  "getByLabelText": [Function],
  "getByPlaceholderText": [Function],
  "getByRole": [Function],
  "getByTestId": [Function],
  "getByText": [Function],
  "getByTitle": [Function],
  "queryAllByAltText": [Function],
  "queryAllByDisplayValue": [Function],
  "queryAllByLabelText": [Function],
  "queryAllByPlaceholderText": [Function],
  "queryAllByRole": [Function],
  "queryAllByTestId": [Function],
  "queryAllByText": [Function],
  "queryAllByTitle": [Function],
  "queryByAltText": [Function],
  "queryByDisplayValue": [Function],
  "queryByLabelText": [Function],
  "queryByPlaceholderText": [Function],
  "queryByRole": [Function],
  "queryByTestId": [Function],
  "queryByText": [Function],
  "queryByTitle": [Function],
  "rerender": [Function],
  "unmount": [Function],
}
`;
